// Jest Snapshot v1, https://goo.gl/fbAQLP

exports[`Basic test App component 1`] = `
<h1>
  Your react boilerplate is working fine!
</h1>
`;
